Archive member included because of file (symbol)

c:/winavr-20100110/bin/../lib/gcc/avr/4.3.3/avr5\libgcc.a(_mulsi3.o)
                              ./RTOS/Src/integer.o (__mulsi3)
c:/winavr-20100110/bin/../lib/gcc/avr/4.3.3/avr5\libgcc.a(_udivmodsi4.o)
                              ./Drivers/src/uart.o (__udivmodsi4)
c:/winavr-20100110/bin/../lib/gcc/avr/4.3.3/avr5\libgcc.a(_divmodsi4.o)
                              ./RTOS/Src/integer.o (__divmodsi4)
c:/winavr-20100110/bin/../lib/gcc/avr/4.3.3/avr5\libgcc.a(_exit.o)
                              c:/winavr-20100110/bin/../lib/gcc/avr/4.3.3/../../../../avr/lib/avr5/crtm32.o (exit)
c:/winavr-20100110/bin/../lib/gcc/avr/4.3.3/avr5\libgcc.a(_copy_data.o)
                              ./RTOS/Src/PollQ.o (__do_copy_data)
c:/winavr-20100110/bin/../lib/gcc/avr/4.3.3/avr5\libgcc.a(_clear_bss.o)
                              ./RTOS/Src/PollQ.o (__do_clear_bss)
c:/winavr-20100110/bin/../lib/gcc/avr/4.3.3/avr5\libgcc.a(_fixunssfsi.o)
                              ./Drivers/src/LCD.o (__fixunssfsi)
c:/winavr-20100110/bin/../lib/gcc/avr/4.3.3/avr5\libgcc.a(_addsub_sf.o)
                              c:/winavr-20100110/bin/../lib/gcc/avr/4.3.3/avr5\libgcc.a(_fixunssfsi.o) (__subsf3)
c:/winavr-20100110/bin/../lib/gcc/avr/4.3.3/avr5\libgcc.a(_mul_sf.o)
                              ./Drivers/src/LCD.o (__mulsf3)
c:/winavr-20100110/bin/../lib/gcc/avr/4.3.3/avr5\libgcc.a(_div_sf.o)
                              ./Drivers/src/LCD.o (__divsf3)
c:/winavr-20100110/bin/../lib/gcc/avr/4.3.3/avr5\libgcc.a(_gt_sf.o)
                              ./Drivers/src/LCD.o (__gtsf2)
c:/winavr-20100110/bin/../lib/gcc/avr/4.3.3/avr5\libgcc.a(_ge_sf.o)
                              c:/winavr-20100110/bin/../lib/gcc/avr/4.3.3/avr5\libgcc.a(_fixunssfsi.o) (__gesf2)
c:/winavr-20100110/bin/../lib/gcc/avr/4.3.3/avr5\libgcc.a(_lt_sf.o)
                              ./Drivers/src/LCD.o (__ltsf2)
c:/winavr-20100110/bin/../lib/gcc/avr/4.3.3/avr5\libgcc.a(_sf_to_si.o)
                              c:/winavr-20100110/bin/../lib/gcc/avr/4.3.3/avr5\libgcc.a(_fixunssfsi.o) (__fixsfsi)
c:/winavr-20100110/bin/../lib/gcc/avr/4.3.3/avr5\libgcc.a(_thenan_sf.o)
                              c:/winavr-20100110/bin/../lib/gcc/avr/4.3.3/avr5\libgcc.a(_addsub_sf.o) (__thenan_sf)
c:/winavr-20100110/bin/../lib/gcc/avr/4.3.3/avr5\libgcc.a(_prologue.o)
                              c:/winavr-20100110/bin/../lib/gcc/avr/4.3.3/avr5\libgcc.a(_addsub_sf.o) (__prologue_saves__)
c:/winavr-20100110/bin/../lib/gcc/avr/4.3.3/avr5\libgcc.a(_epilogue.o)
                              c:/winavr-20100110/bin/../lib/gcc/avr/4.3.3/avr5\libgcc.a(_addsub_sf.o) (__epilogue_restores__)
c:/winavr-20100110/bin/../lib/gcc/avr/4.3.3/avr5\libgcc.a(_pack_sf.o)
                              c:/winavr-20100110/bin/../lib/gcc/avr/4.3.3/avr5\libgcc.a(_addsub_sf.o) (__pack_f)
c:/winavr-20100110/bin/../lib/gcc/avr/4.3.3/avr5\libgcc.a(_unpack_sf.o)
                              c:/winavr-20100110/bin/../lib/gcc/avr/4.3.3/avr5\libgcc.a(_addsub_sf.o) (__unpack_f)
c:/winavr-20100110/bin/../lib/gcc/avr/4.3.3/avr5\libgcc.a(_fpcmp_parts_sf.o)
                              c:/winavr-20100110/bin/../lib/gcc/avr/4.3.3/avr5\libgcc.a(_gt_sf.o) (__fpcmp_parts_f)
c:/winavr-20100110/bin/../lib/gcc/avr/4.3.3/../../../../avr/lib/avr5\libc.a(memcpy.o)
                              ./RTOS/Src/queue.o (memcpy)
c:/winavr-20100110/bin/../lib/gcc/avr/4.3.3/../../../../avr/lib/avr5\libc.a(sprintf.o)
                              ./Drivers/src/LCD.o (sprintf)
c:/winavr-20100110/bin/../lib/gcc/avr/4.3.3/../../../../avr/lib/avr5\libc.a(vfprintf_std.o)
                              c:/winavr-20100110/bin/../lib/gcc/avr/4.3.3/../../../../avr/lib/avr5\libc.a(sprintf.o) (vfprintf)
c:/winavr-20100110/bin/../lib/gcc/avr/4.3.3/../../../../avr/lib/avr5\libc.a(strnlen_P.o)
                              c:/winavr-20100110/bin/../lib/gcc/avr/4.3.3/../../../../avr/lib/avr5\libc.a(vfprintf_std.o) (strnlen_P)
c:/winavr-20100110/bin/../lib/gcc/avr/4.3.3/../../../../avr/lib/avr5\libc.a(strnlen.o)
                              c:/winavr-20100110/bin/../lib/gcc/avr/4.3.3/../../../../avr/lib/avr5\libc.a(vfprintf_std.o) (strnlen)
c:/winavr-20100110/bin/../lib/gcc/avr/4.3.3/../../../../avr/lib/avr5\libc.a(fputc.o)
                              c:/winavr-20100110/bin/../lib/gcc/avr/4.3.3/../../../../avr/lib/avr5\libc.a(vfprintf_std.o) (fputc)
c:/winavr-20100110/bin/../lib/gcc/avr/4.3.3/../../../../avr/lib/avr5\libc.a(ultoa_invert.o)
                              c:/winavr-20100110/bin/../lib/gcc/avr/4.3.3/../../../../avr/lib/avr5\libc.a(vfprintf_std.o) (__ultoa_invert)

Memory Configuration

Name             Origin             Length             Attributes
text             0x00000000         0x00020000         xr
data             0x00800060         0x0000ffa0         rw !x
eeprom           0x00810000         0x00010000         rw !x
fuse             0x00820000         0x00000400         rw !x
lock             0x00830000         0x00000400         rw !x
signature        0x00840000         0x00000400         rw !x
*default*        0x00000000         0xffffffff

Linker script and memory map

LOAD c:/winavr-20100110/bin/../lib/gcc/avr/4.3.3/../../../../avr/lib/avr5/crtm32.o
LOAD ./RTOS/Src/PollQ.o
LOAD ./RTOS/Src/croutine.o
LOAD ./RTOS/Src/event_groups.o
LOAD ./RTOS/Src/heap_1.o
LOAD ./RTOS/Src/integer.o
LOAD ./RTOS/Src/list.o
LOAD ./RTOS/Src/port.o
LOAD ./RTOS/Src/queue.o
LOAD ./RTOS/Src/tasks.o
LOAD ./Drivers/src/ADC.o
LOAD ./Drivers/src/Keypad.o
LOAD ./Drivers/src/LCD.o
LOAD ./Drivers/src/board.o
LOAD ./Drivers/src/uart.o
LOAD ./main.o
LOAD c:/winavr-20100110/bin/../lib/gcc/avr/4.3.3/avr5\libgcc.a
LOAD c:/winavr-20100110/bin/../lib/gcc/avr/4.3.3/../../../../avr/lib/avr5\libc.a
LOAD c:/winavr-20100110/bin/../lib/gcc/avr/4.3.3/avr5\libgcc.a

.hash
 *(.hash)

.dynsym
 *(.dynsym)

.dynstr
 *(.dynstr)

.gnu.version
 *(.gnu.version)

.gnu.version_d
 *(.gnu.version_d)

.gnu.version_r
 *(.gnu.version_r)

.rel.init
 *(.rel.init)

.rela.init
 *(.rela.init)

.rel.text
 *(.rel.text)
 *(.rel.text.*)
 *(.rel.gnu.linkonce.t*)

.rela.text
 *(.rela.text)
 *(.rela.text.*)
 *(.rela.gnu.linkonce.t*)

.rel.fini
 *(.rel.fini)

.rela.fini
 *(.rela.fini)

.rel.rodata
 *(.rel.rodata)
 *(.rel.rodata.*)
 *(.rel.gnu.linkonce.r*)

.rela.rodata
 *(.rela.rodata)
 *(.rela.rodata.*)
 *(.rela.gnu.linkonce.r*)

.rel.data
 *(.rel.data)
 *(.rel.data.*)
 *(.rel.gnu.linkonce.d*)

.rela.data
 *(.rela.data)
 *(.rela.data.*)
 *(.rela.gnu.linkonce.d*)

.rel.ctors
 *(.rel.ctors)

.rela.ctors
 *(.rela.ctors)

.rel.dtors
 *(.rel.dtors)

.rela.dtors
 *(.rela.dtors)

.rel.got
 *(.rel.got)

.rela.got
 *(.rela.got)

.rel.bss
 *(.rel.bss)

.rela.bss
 *(.rela.bss)

.rel.plt
 *(.rel.plt)

.rela.plt
 *(.rela.plt)

.text           0x00000000     0x65f6
 *(.vectors)
 .vectors       0x00000000       0x54 c:/winavr-20100110/bin/../lib/gcc/avr/4.3.3/../../../../avr/lib/avr5/crtm32.o
                0x00000000                __vectors
                0x00000000                __vector_default
 *(.vectors)
 *(.progmem.gcc*)
 *(.progmem*)
                0x00000054                . = ALIGN (0x2)
                0x00000054                __trampolines_start = .
 *(.trampolines)
 .trampolines   0x00000054        0x0 linker stubs
 *(.trampolines*)
                0x00000054                __trampolines_end = .
 *(.jumptables)
 *(.jumptables*)
 *(.lowtext)
 *(.lowtext*)
                0x00000054                __ctors_start = .
 *(.ctors)
                0x00000054                __ctors_end = .
                0x00000054                __dtors_start = .
 *(.dtors)
                0x00000054                __dtors_end = .
 SORT(*)(.ctors)
 SORT(*)(.dtors)
 *(.init0)
 .init0         0x00000054        0x0 c:/winavr-20100110/bin/../lib/gcc/avr/4.3.3/../../../../avr/lib/avr5/crtm32.o
                0x00000054                __init
 *(.init0)
 *(.init1)
 *(.init1)
 *(.init2)
 .init2         0x00000054        0xc c:/winavr-20100110/bin/../lib/gcc/avr/4.3.3/../../../../avr/lib/avr5/crtm32.o
 *(.init2)
 *(.init3)
 *(.init3)
 *(.init4)
 .init4         0x00000060       0x16 c:/winavr-20100110/bin/../lib/gcc/avr/4.3.3/avr5\libgcc.a(_copy_data.o)
                0x00000060                __do_copy_data
 .init4         0x00000076       0x10 c:/winavr-20100110/bin/../lib/gcc/avr/4.3.3/avr5\libgcc.a(_clear_bss.o)
                0x00000076                __do_clear_bss
 *(.init4)
 *(.init5)
 *(.init5)
 *(.init6)
 *(.init6)
 *(.init7)
 *(.init7)
 *(.init8)
 *(.init8)
 *(.init9)
 .init9         0x00000086        0x8 c:/winavr-20100110/bin/../lib/gcc/avr/4.3.3/../../../../avr/lib/avr5/crtm32.o
 *(.init9)
 *(.text)
 .text          0x0000008e        0x4 c:/winavr-20100110/bin/../lib/gcc/avr/4.3.3/../../../../avr/lib/avr5/crtm32.o
                0x0000008e                __vector_1
                0x0000008e                __vector_12
                0x0000008e                __bad_interrupt
                0x0000008e                __vector_6
                0x0000008e                __vector_3
                0x0000008e                __vector_11
                0x0000008e                __vector_13
                0x0000008e                __vector_17
                0x0000008e                __vector_19
                0x0000008e                __vector_5
                0x0000008e                __vector_4
                0x0000008e                __vector_9
                0x0000008e                __vector_2
                0x0000008e                __vector_15
                0x0000008e                __vector_8
                0x0000008e                __vector_14
                0x0000008e                __vector_10
                0x0000008e                __vector_16
                0x0000008e                __vector_18
                0x0000008e                __vector_20
 .text          0x00000092        0x0 ./RTOS/Src/PollQ.o
 .text          0x00000092        0x0 ./RTOS/Src/croutine.o
 .text          0x00000092        0x0 ./RTOS/Src/event_groups.o
 .text          0x00000092        0x0 ./RTOS/Src/heap_1.o
 .text          0x00000092        0x0 ./RTOS/Src/integer.o
 .text          0x00000092        0x0 ./RTOS/Src/list.o
 .text          0x00000092        0x0 ./RTOS/Src/port.o
 .text          0x00000092        0x0 ./RTOS/Src/queue.o
 .text          0x00000092        0x0 ./RTOS/Src/tasks.o
 .text          0x00000092        0x0 ./Drivers/src/ADC.o
 .text          0x00000092        0x0 ./Drivers/src/Keypad.o
 .text          0x00000092        0x0 ./Drivers/src/LCD.o
 .text          0x00000092        0x0 ./Drivers/src/board.o
 .text          0x00000092        0x0 ./Drivers/src/uart.o
 .text          0x00000092        0x0 ./main.o
 .text          0x00000092        0x0 c:/winavr-20100110/bin/../lib/gcc/avr/4.3.3/avr5\libgcc.a(_mulsi3.o)
 .text          0x00000092        0x0 c:/winavr-20100110/bin/../lib/gcc/avr/4.3.3/avr5\libgcc.a(_udivmodsi4.o)
 .text          0x00000092        0x0 c:/winavr-20100110/bin/../lib/gcc/avr/4.3.3/avr5\libgcc.a(_divmodsi4.o)
 .text          0x00000092        0x0 c:/winavr-20100110/bin/../lib/gcc/avr/4.3.3/avr5\libgcc.a(_exit.o)
 .text          0x00000092        0x0 c:/winavr-20100110/bin/../lib/gcc/avr/4.3.3/avr5\libgcc.a(_copy_data.o)
 .text          0x00000092        0x0 c:/winavr-20100110/bin/../lib/gcc/avr/4.3.3/avr5\libgcc.a(_clear_bss.o)
 .text          0x00000092       0x58 c:/winavr-20100110/bin/../lib/gcc/avr/4.3.3/avr5\libgcc.a(_fixunssfsi.o)
                0x00000092                __fixunssfsi
 .text          0x000000ea      0x354 c:/winavr-20100110/bin/../lib/gcc/avr/4.3.3/avr5\libgcc.a(_addsub_sf.o)
                0x00000382                __subsf3
                0x000003e4                __addsf3
 .text          0x0000043e      0x1f4 c:/winavr-20100110/bin/../lib/gcc/avr/4.3.3/avr5\libgcc.a(_mul_sf.o)
                0x0000043e                __mulsf3
 .text          0x00000632      0x158 c:/winavr-20100110/bin/../lib/gcc/avr/4.3.3/avr5\libgcc.a(_div_sf.o)
                0x00000632                __divsf3
 .text          0x0000078a       0x60 c:/winavr-20100110/bin/../lib/gcc/avr/4.3.3/avr5\libgcc.a(_gt_sf.o)
                0x0000078a                __gtsf2
 .text          0x000007ea       0x60 c:/winavr-20100110/bin/../lib/gcc/avr/4.3.3/avr5\libgcc.a(_ge_sf.o)
                0x000007ea                __gesf2
 .text          0x0000084a       0x60 c:/winavr-20100110/bin/../lib/gcc/avr/4.3.3/avr5\libgcc.a(_lt_sf.o)
                0x0000084a                __ltsf2
 .text          0x000008aa       0xa8 c:/winavr-20100110/bin/../lib/gcc/avr/4.3.3/avr5\libgcc.a(_sf_to_si.o)
                0x000008aa                __fixsfsi
 .text          0x00000952        0x0 c:/winavr-20100110/bin/../lib/gcc/avr/4.3.3/avr5\libgcc.a(_thenan_sf.o)
 .text          0x00000952        0x0 c:/winavr-20100110/bin/../lib/gcc/avr/4.3.3/avr5\libgcc.a(_prologue.o)
 .text          0x00000952        0x0 c:/winavr-20100110/bin/../lib/gcc/avr/4.3.3/avr5\libgcc.a(_epilogue.o)
 .text          0x00000952      0x1aa c:/winavr-20100110/bin/../lib/gcc/avr/4.3.3/avr5\libgcc.a(_pack_sf.o)
                0x00000952                __pack_f
 .text          0x00000afc       0xf0 c:/winavr-20100110/bin/../lib/gcc/avr/4.3.3/avr5\libgcc.a(_unpack_sf.o)
                0x00000afc                __unpack_f
 .text          0x00000bec       0xb2 c:/winavr-20100110/bin/../lib/gcc/avr/4.3.3/avr5\libgcc.a(_fpcmp_parts_sf.o)
                0x00000bec                __fpcmp_parts_f
 .text          0x00000c9e        0x0 c:/winavr-20100110/bin/../lib/gcc/avr/4.3.3/../../../../avr/lib/avr5\libc.a(memcpy.o)
 .text          0x00000c9e        0x0 c:/winavr-20100110/bin/../lib/gcc/avr/4.3.3/../../../../avr/lib/avr5\libc.a(sprintf.o)
 .text          0x00000c9e        0x0 c:/winavr-20100110/bin/../lib/gcc/avr/4.3.3/../../../../avr/lib/avr5\libc.a(vfprintf_std.o)
 .text          0x00000c9e        0x0 c:/winavr-20100110/bin/../lib/gcc/avr/4.3.3/../../../../avr/lib/avr5\libc.a(strnlen_P.o)
 .text          0x00000c9e        0x0 c:/winavr-20100110/bin/../lib/gcc/avr/4.3.3/../../../../avr/lib/avr5\libc.a(strnlen.o)
 .text          0x00000c9e        0x0 c:/winavr-20100110/bin/../lib/gcc/avr/4.3.3/../../../../avr/lib/avr5\libc.a(fputc.o)
 .text          0x00000c9e        0x0 c:/winavr-20100110/bin/../lib/gcc/avr/4.3.3/../../../../avr/lib/avr5\libc.a(ultoa_invert.o)
                0x00000c9e                . = ALIGN (0x2)
 *(.text.*)
 .text.vStartPolledQueueTasks
                0x00000c9e       0x8e ./RTOS/Src/PollQ.o
                0x00000c9e                vStartPolledQueueTasks
 .text.vPolledQueueProducer
                0x00000d2c       0x7a ./RTOS/Src/PollQ.o
 .text.vPolledQueueConsumer
                0x00000da6       0x98 ./RTOS/Src/PollQ.o
 .text.xArePollingQueuesStillRunning
                0x00000e3e       0x34 ./RTOS/Src/PollQ.o
                0x00000e3e                xArePollingQueuesStillRunning
 .text.xCoRoutineCreate
                0x00000e72      0x128 ./RTOS/Src/croutine.o
                0x00000e72                xCoRoutineCreate
 .text.vCoRoutineAddToDelayedList
                0x00000f9a       0xc2 ./RTOS/Src/croutine.o
                0x00000f9a                vCoRoutineAddToDelayedList
 .text.prvCheckPendingReadyList
                0x0000105c       0x94 ./RTOS/Src/croutine.o
 .text.prvCheckDelayedList
                0x000010f0      0x15c ./RTOS/Src/croutine.o
 .text.vCoRoutineSchedule
                0x0000124c       0xf4 ./RTOS/Src/croutine.o
                0x0000124c                vCoRoutineSchedule
 .text.prvInitialiseCoRoutineLists
                0x00001340       0x72 ./RTOS/Src/croutine.o
 .text.xCoRoutineRemoveFromEventList
                0x000013b2       0x70 ./RTOS/Src/croutine.o
                0x000013b2                xCoRoutineRemoveFromEventList
 .text.xEventGroupCreate
                0x00001422       0x3e ./RTOS/Src/event_groups.o
                0x00001422                xEventGroupCreate
 .text.xEventGroupSync
                0x00001460      0x16e ./RTOS/Src/event_groups.o
                0x00001460                xEventGroupSync
 .text.xEventGroupWaitBits
                0x000015ce      0x186 ./RTOS/Src/event_groups.o
                0x000015ce                xEventGroupWaitBits
 .text.xEventGroupClearBits
                0x00001754       0x6c ./RTOS/Src/event_groups.o
                0x00001754                xEventGroupClearBits
 .text.xEventGroupGetBitsFromISR
                0x000017c0       0x44 ./RTOS/Src/event_groups.o
                0x000017c0                xEventGroupGetBitsFromISR
 .text.xEventGroupSetBits
                0x00001804      0x164 ./RTOS/Src/event_groups.o
                0x00001804                xEventGroupSetBits
 .text.vEventGroupDelete
                0x00001968       0x62 ./RTOS/Src/event_groups.o
                0x00001968                vEventGroupDelete
 .text.vEventGroupSetBitsCallback
                0x000019ca       0x3a ./RTOS/Src/event_groups.o
                0x000019ca                vEventGroupSetBitsCallback
 .text.vEventGroupClearBitsCallback
                0x00001a04       0x3a ./RTOS/Src/event_groups.o
                0x00001a04                vEventGroupClearBitsCallback
 .text.prvTestWaitCondition
                0x00001a3e       0x64 ./RTOS/Src/event_groups.o
 .text.pvPortMalloc
                0x00001aa2       0xac ./RTOS/Src/heap_1.o
                0x00001aa2                pvPortMalloc
 .text.vPortFree
                0x00001b4e       0x18 ./RTOS/Src/heap_1.o
                0x00001b4e                vPortFree
 .text.vPortInitialiseBlocks
                0x00001b66       0x16 ./RTOS/Src/heap_1.o
                0x00001b66                vPortInitialiseBlocks
 .text.xPortGetFreeHeapSize
                0x00001b7c       0x1e ./RTOS/Src/heap_1.o
                0x00001b7c                xPortGetFreeHeapSize
 .text.vStartIntegerMathTasks
                0x00001b9a       0x7c ./RTOS/Src/integer.o
                0x00001b9a                vStartIntegerMathTasks
 .text.vCompeteingIntMathTask
                0x00001c16       0xd2 ./RTOS/Src/integer.o
 .text.xAreIntegerMathsTaskStillRunning
                0x00001ce8       0x56 ./RTOS/Src/integer.o
                0x00001ce8                xAreIntegerMathsTaskStillRunning
 .text.vListInitialise
                0x00001d3e       0x54 ./RTOS/Src/list.o
                0x00001d3e                vListInitialise
 .text.vListInitialiseItem
                0x00001d92       0x20 ./RTOS/Src/list.o
                0x00001d92                vListInitialiseItem
 .text.vListInsertEnd
                0x00001db2       0x88 ./RTOS/Src/list.o
                0x00001db2                vListInsertEnd
 .text.vListInsert
                0x00001e3a       0xd8 ./RTOS/Src/list.o
                0x00001e3a                vListInsert
 .text.uxListRemove
                0x00001f12       0x98 ./RTOS/Src/list.o
                0x00001f12                uxListRemove
 .text.pxPortInitialiseStack
                0x00001faa      0x306 ./RTOS/Src/port.o
                0x00001faa                pxPortInitialiseStack
 .text.xPortStartScheduler
                0x000022b0       0x6a ./RTOS/Src/port.o
                0x000022b0                xPortStartScheduler
 .text.vPortEndScheduler
                0x0000231a        0xe ./RTOS/Src/port.o
                0x0000231a                vPortEndScheduler
 .text.vPortYield
                0x00002328       0xb2 ./RTOS/Src/port.o
                0x00002328                vPortYield
 .text.vPortYieldFromTick
                0x000023da       0xba ./RTOS/Src/port.o
                0x000023da                vPortYieldFromTick
 .text.prvSetupTimerInterrupt
                0x00002494       0xb8 ./RTOS/Src/port.o
 .text.__vector_7
                0x0000254c        0x6 ./RTOS/Src/port.o
                0x0000254c                __vector_7
 .text.xQueueGenericReset
                0x00002552      0x10c ./RTOS/Src/queue.o
                0x00002552                xQueueGenericReset
 .text.xQueueGenericCreate
                0x0000265e       0xba ./RTOS/Src/queue.o
                0x0000265e                xQueueGenericCreate
 .text.xQueueCreateMutex
                0x00002718       0x9c ./RTOS/Src/queue.o
                0x00002718                xQueueCreateMutex
 .text.xQueueCreateCountingSemaphore
                0x000027b4       0x40 ./RTOS/Src/queue.o
                0x000027b4                xQueueCreateCountingSemaphore
 .text.xQueueGenericSend
                0x000027f4      0x158 ./RTOS/Src/queue.o
                0x000027f4                xQueueGenericSend
 .text.xQueueGenericSendFromISR
                0x0000294c       0xc4 ./RTOS/Src/queue.o
                0x0000294c                xQueueGenericSendFromISR
 .text.xQueueGenericReceive
                0x00002a10      0x1c2 ./RTOS/Src/queue.o
                0x00002a10                xQueueGenericReceive
 .text.xQueueReceiveFromISR
                0x00002bd2       0xae ./RTOS/Src/queue.o
                0x00002bd2                xQueueReceiveFromISR
 .text.xQueuePeekFromISR
                0x00002c80       0x72 ./RTOS/Src/queue.o
                0x00002c80                xQueuePeekFromISR
 .text.uxQueueMessagesWaiting
                0x00002cf2       0x30 ./RTOS/Src/queue.o
                0x00002cf2                uxQueueMessagesWaiting
 .text.uxQueueSpacesAvailable
                0x00002d22       0x4a ./RTOS/Src/queue.o
                0x00002d22                uxQueueSpacesAvailable
 .text.uxQueueMessagesWaitingFromISR
                0x00002d6c       0x26 ./RTOS/Src/queue.o
                0x00002d6c                uxQueueMessagesWaitingFromISR
 .text.vQueueDelete
                0x00002d92       0x46 ./RTOS/Src/queue.o
                0x00002d92                vQueueDelete
 .text.prvCopyDataToQueue
                0x00002dd8      0x172 ./RTOS/Src/queue.o
 .text.prvCopyDataFromQueue
                0x00002f4a       0x8e ./RTOS/Src/queue.o
 .text.prvUnlockQueue
                0x00002fd8       0xa8 ./RTOS/Src/queue.o
 .text.prvIsQueueEmpty
                0x00003080       0x3a ./RTOS/Src/queue.o
 .text.xQueueIsQueueEmptyFromISR
                0x000030ba       0x30 ./RTOS/Src/queue.o
                0x000030ba                xQueueIsQueueEmptyFromISR
 .text.prvIsQueueFull
                0x000030ea       0x40 ./RTOS/Src/queue.o
 .text.xQueueIsQueueFullFromISR
                0x0000312a       0x36 ./RTOS/Src/queue.o
                0x0000312a                xQueueIsQueueFullFromISR
 .text.xQueueCRSend
                0x00003160       0xc2 ./RTOS/Src/queue.o
                0x00003160                xQueueCRSend
 .text.xQueueCRReceive
                0x00003222      0x11c ./RTOS/Src/queue.o
                0x00003222                xQueueCRReceive
 .text.xQueueCRSendFromISR
                0x0000333e       0x82 ./RTOS/Src/queue.o
                0x0000333e                xQueueCRSendFromISR
 .text.xQueueCRReceiveFromISR
                0x000033c0       0xea ./RTOS/Src/queue.o
                0x000033c0                xQueueCRReceiveFromISR
 .text.xTaskGenericCreate
                0x000034aa      0x1c2 ./RTOS/Src/tasks.o
                0x000034aa                xTaskGenericCreate
 .text.vTaskDelete
                0x0000366c       0xca ./RTOS/Src/tasks.o
                0x0000366c                vTaskDelete
 .text.vTaskDelayUntil
                0x00003736       0xe8 ./RTOS/Src/tasks.o
                0x00003736                vTaskDelayUntil
 .text.vTaskDelay
                0x0000381e       0x6a ./RTOS/Src/tasks.o
                0x0000381e                vTaskDelay
 .text.uxTaskPriorityGet
                0x00003888       0x64 ./RTOS/Src/tasks.o
                0x00003888                uxTaskPriorityGet
 .text.vTaskPrioritySet
                0x000038ec      0x194 ./RTOS/Src/tasks.o
                0x000038ec                vTaskPrioritySet
 .text.vTaskStartScheduler
                0x00003a80       0x6e ./RTOS/Src/tasks.o
                0x00003a80                vTaskStartScheduler
 .text.vTaskEndScheduler
                0x00003aee       0x18 ./RTOS/Src/tasks.o
                0x00003aee                vTaskEndScheduler
 .text.vTaskSuspendAll
                0x00003b06       0x18 ./RTOS/Src/tasks.o
                0x00003b06                vTaskSuspendAll
 .text.xTaskResumeAll
                0x00003b1e      0x114 ./RTOS/Src/tasks.o
                0x00003b1e                xTaskResumeAll
 .text.xTaskGetTickCount
                0x00003c32       0x2e ./RTOS/Src/tasks.o
                0x00003c32                xTaskGetTickCount
 .text.xTaskGetTickCountFromISR
                0x00003c60       0x2a ./RTOS/Src/tasks.o
                0x00003c60                xTaskGetTickCountFromISR
 .text.uxTaskGetNumberOfTasks
                0x00003c8a       0x12 ./RTOS/Src/tasks.o
                0x00003c8a                uxTaskGetNumberOfTasks
 .text.xTaskIncrementTick
                0x00003c9c      0x1ce ./RTOS/Src/tasks.o
                0x00003c9c                xTaskIncrementTick
 .text.vTaskSwitchContext
                0x00003e6a       0xd2 ./RTOS/Src/tasks.o
                0x00003e6a                vTaskSwitchContext
 .text.vTaskPlaceOnEventList
                0x00003f3c       0x6a ./RTOS/Src/tasks.o
                0x00003f3c                vTaskPlaceOnEventList
 .text.vTaskPlaceOnUnorderedEventList
                0x00003fa6       0x86 ./RTOS/Src/tasks.o
                0x00003fa6                vTaskPlaceOnUnorderedEventList
 .text.xTaskRemoveFromEventList
                0x0000402c       0xd6 ./RTOS/Src/tasks.o
                0x0000402c                xTaskRemoveFromEventList
 .text.xTaskRemoveFromUnorderedEventList
                0x00004102       0xca ./RTOS/Src/tasks.o
                0x00004102                xTaskRemoveFromUnorderedEventList
 .text.vTaskSetTimeOutState
                0x000041cc       0x32 ./RTOS/Src/tasks.o
                0x000041cc                vTaskSetTimeOutState
 .text.xTaskCheckForTimeOut
                0x000041fe       0xc6 ./RTOS/Src/tasks.o
                0x000041fe                xTaskCheckForTimeOut
 .text.vTaskMissedYield
                0x000042c4       0x14 ./RTOS/Src/tasks.o
                0x000042c4                vTaskMissedYield
 .text.prvIdleTask
                0x000042d8       0x20 ./RTOS/Src/tasks.o
 .text.prvInitialiseTCBVariables
                0x000042f8       0xf4 ./RTOS/Src/tasks.o
 .text.prvInitialiseTaskLists
                0x000043ec       0x7a ./RTOS/Src/tasks.o
 .text.prvCheckTasksWaitingTermination
                0x00004466       0x7e ./RTOS/Src/tasks.o
 .text.prvAddCurrentTaskToDelayedList
                0x000044e4       0x92 ./RTOS/Src/tasks.o
 .text.prvAllocateTCBAndStack
                0x00004576       0x88 ./RTOS/Src/tasks.o
 .text.prvDeleteTCB
                0x000045fe       0x2c ./RTOS/Src/tasks.o
 .text.prvResetNextTaskUnblockTime
                0x0000462a       0x56 ./RTOS/Src/tasks.o
 .text.xTaskGetCurrentTaskHandle
                0x00004680       0x24 ./RTOS/Src/tasks.o
                0x00004680                xTaskGetCurrentTaskHandle
 .text.vTaskPriorityInherit
                0x000046a4      0x116 ./RTOS/Src/tasks.o
                0x000046a4                vTaskPriorityInherit
 .text.xTaskPriorityDisinherit
                0x000047ba       0xe4 ./RTOS/Src/tasks.o
                0x000047ba                xTaskPriorityDisinherit
 .text.uxTaskResetEventItemValue
                0x0000489e       0x4e ./RTOS/Src/tasks.o
                0x0000489e                uxTaskResetEventItemValue
 .text.pvTaskIncrementMutexHeldCount
                0x000048ec       0x30 ./RTOS/Src/tasks.o
                0x000048ec                pvTaskIncrementMutexHeldCount
 .text.ADC_Init
                0x0000491c       0x62 ./Drivers/src/ADC.o
                0x0000491c                ADC_Init
 .text.ADC_Read
                0x0000497e       0x6c ./Drivers/src/ADC.o
                0x0000497e                ADC_Read
 .text.Key_Init
                0x000049ea       0x46 ./Drivers/src/Keypad.o
                0x000049ea                Key_Init
 .text.Key_GetKey
                0x00004a30      0x12c ./Drivers/src/Keypad.o
                0x00004a30                Key_GetKey
 .text.Key_Scan
                0x00004b5c       0xf2 ./Drivers/src/Keypad.o
                0x00004b5c                Key_Scan
 .text.LCD_Latch
                0x00004c4e      0x1be ./Drivers/src/LCD.o
 .text.LCD_SendCMD
                0x00004e0c      0x25a ./Drivers/src/LCD.o
 .text.LCD_SendData
                0x00005066      0x25a ./Drivers/src/LCD.o
 .text.LCD_GotoXY
                0x000052c0       0x3e ./Drivers/src/LCD.o
 .text.LCD_RetHome
                0x000052fe      0x110 ./Drivers/src/LCD.o
                0x000052fe                LCD_RetHome
 .text.LCD_Clear
                0x0000540e      0x110 ./Drivers/src/LCD.o
                0x0000540e                LCD_Clear
 .text.LCD_Init
                0x0000551e      0x15c ./Drivers/src/LCD.o
                0x0000551e                LCD_Init
 .text.LCD_DispChar
                0x0000567a       0x1a ./Drivers/src/LCD.o
                0x0000567a                LCD_DispChar
 .text.LCD_DispCharXY
                0x00005694       0x2c ./Drivers/src/LCD.o
                0x00005694                LCD_DispCharXY
 .text.LCD_DispStr
                0x000056c0       0x52 ./Drivers/src/LCD.o
                0x000056c0                LCD_DispStr
 .text.LCD_DispStrXY
                0x00005712       0x32 ./Drivers/src/LCD.o
                0x00005712                LCD_DispStrXY
 .text.LCD_DispInt
                0x00005744       0x90 ./Drivers/src/LCD.o
                0x00005744                LCD_DispInt
 .text.LCD_DispHex
                0x000057d4       0x90 ./Drivers/src/LCD.o
                0x000057d4                LCD_DispHex
 .text.LCD_DispHexXY
                0x00005864       0x44 ./Drivers/src/LCD.o
                0x00005864                LCD_DispHexXY
 .text.LCD_DispIntXY
                0x000058a8       0x44 ./Drivers/src/LCD.o
                0x000058a8                LCD_DispIntXY
 .text.LCD_Fun  0x000058ec      0x148 ./Drivers/src/LCD.o
                0x000058ec                LCD_Fun
 .text.Led_Init
                0x00005a34       0x3e ./Drivers/src/board.o
                0x00005a34                Led_Init
 .text.Led_On   0x00005a72       0x3a ./Drivers/src/board.o
                0x00005a72                Led_On
 .text.Led_Off  0x00005aac       0x3c ./Drivers/src/board.o
                0x00005aac                Led_Off
 .text.Led_Toggle
                0x00005ae8       0x3a ./Drivers/src/board.o
                0x00005ae8                Led_Toggle
 .text.Leds_Init
                0x00005b22       0x2a ./Drivers/src/board.o
                0x00005b22                Leds_Init
 .text.Leds_On  0x00005b4c       0x24 ./Drivers/src/board.o
                0x00005b4c                Leds_On
 .text.Leds_Off
                0x00005b70       0x28 ./Drivers/src/board.o
                0x00005b70                Leds_Off
 .text.Leds_Toggle
                0x00005b98       0x24 ./Drivers/src/board.o
                0x00005b98                Leds_Toggle
 .text.Leds_AllInit
                0x00005bbc       0x18 ./Drivers/src/board.o
                0x00005bbc                Leds_AllInit
 .text.Leds_AllOn
                0x00005bd4       0x14 ./Drivers/src/board.o
                0x00005bd4                Leds_AllOn
 .text.Leds_AllOff
                0x00005be8       0x14 ./Drivers/src/board.o
                0x00005be8                Leds_AllOff
 .text.Leds_AllToggle
                0x00005bfc       0x14 ./Drivers/src/board.o
                0x00005bfc                Leds_AllToggle
 .text.Buz_Init
                0x00005c10       0x20 ./Drivers/src/board.o
                0x00005c10                Buz_Init
 .text.Buz_On   0x00005c30       0x1c ./Drivers/src/board.o
                0x00005c30                Buz_On
 .text.Buz_Off  0x00005c4c       0x1c ./Drivers/src/board.o
                0x00005c4c                Buz_Off
 .text.Buz_Toggle
                0x00005c68       0x1e ./Drivers/src/board.o
                0x00005c68                Buz_Toggle
 .text.Uart_Init
                0x00005c86       0x9a ./Drivers/src/uart.o
                0x00005c86                Uart_Init
 .text.Uart_SendByte
                0x00005d20       0x2e ./Drivers/src/uart.o
                0x00005d20                Uart_SendByte
 .text.Uart_ReceiveByte
                0x00005d4e       0x1e ./Drivers/src/uart.o
                0x00005d4e                Uart_ReceiveByte
 .text.Uart_ReceiveByte_unblock
                0x00005d6c       0x3e ./Drivers/src/uart.o
                0x00005d6c                Uart_ReceiveByte_unblock
 .text.Uart_SendStr
                0x00005daa       0x6c ./Drivers/src/uart.o
                0x00005daa                Uart_SendStr
 .text.main     0x00005e16       0xae ./main.o
                0x00005e16                main
 .text.system_int
                0x00005ec4       0x28 ./main.o
                0x00005ec4                system_int
 .text.T_T1     0x00005eec       0x36 ./main.o
                0x00005eec                T_T1
 .text.T_T2     0x00005f22       0x38 ./main.o
                0x00005f22                T_T2
 .text.T_T3     0x00005f5a       0x1e ./main.o
                0x00005f5a                T_T3
 .text.libgcc   0x00005f78       0x3e c:/winavr-20100110/bin/../lib/gcc/avr/4.3.3/avr5\libgcc.a(_mulsi3.o)
                0x00005f78                __mulsi3
 .text.libgcc   0x00005fb6       0x44 c:/winavr-20100110/bin/../lib/gcc/avr/4.3.3/avr5\libgcc.a(_udivmodsi4.o)
                0x00005fb6                __udivmodsi4
 .text.libgcc   0x00005ffa       0x36 c:/winavr-20100110/bin/../lib/gcc/avr/4.3.3/avr5\libgcc.a(_divmodsi4.o)
                0x00005ffa                __divmodsi4
 .text.libgcc   0x00006030        0x0 c:/winavr-20100110/bin/../lib/gcc/avr/4.3.3/avr5\libgcc.a(_exit.o)
 .text.libgcc   0x00006030        0x0 c:/winavr-20100110/bin/../lib/gcc/avr/4.3.3/avr5\libgcc.a(_copy_data.o)
 .text.libgcc   0x00006030        0x0 c:/winavr-20100110/bin/../lib/gcc/avr/4.3.3/avr5\libgcc.a(_clear_bss.o)
 .text.libgcc   0x00006030       0x38 c:/winavr-20100110/bin/../lib/gcc/avr/4.3.3/avr5\libgcc.a(_prologue.o)
                0x00006030                __prologue_saves__
 .text.libgcc   0x00006068       0x36 c:/winavr-20100110/bin/../lib/gcc/avr/4.3.3/avr5\libgcc.a(_epilogue.o)
                0x00006068                __epilogue_restores__
 .text.avr-libc
                0x0000609e       0x12 c:/winavr-20100110/bin/../lib/gcc/avr/4.3.3/../../../../avr/lib/avr5\libc.a(memcpy.o)
                0x0000609e                memcpy
 .text.avr-libc
                0x000060b0       0x48 c:/winavr-20100110/bin/../lib/gcc/avr/4.3.3/../../../../avr/lib/avr5\libc.a(sprintf.o)
                0x000060b0                sprintf
 .text.avr-libc
                0x000060f8      0x3ba c:/winavr-20100110/bin/../lib/gcc/avr/4.3.3/../../../../avr/lib/avr5\libc.a(vfprintf_std.o)
                0x000060f8                vfprintf
 .text.avr-libc
                0x000064b2       0x16 c:/winavr-20100110/bin/../lib/gcc/avr/4.3.3/../../../../avr/lib/avr5\libc.a(strnlen_P.o)
                0x000064b2                strnlen_P
 .text.avr-libc
                0x000064c8       0x16 c:/winavr-20100110/bin/../lib/gcc/avr/4.3.3/../../../../avr/lib/avr5\libc.a(strnlen.o)
                0x000064c8                strnlen
 .text.avr-libc
                0x000064de       0x58 c:/winavr-20100110/bin/../lib/gcc/avr/4.3.3/../../../../avr/lib/avr5\libc.a(fputc.o)
                0x000064de                fputc
 .text.avr-libc
                0x00006536       0xbc c:/winavr-20100110/bin/../lib/gcc/avr/4.3.3/../../../../avr/lib/avr5\libc.a(ultoa_invert.o)
                0x00006536                __ultoa_invert
                0x000065f2                . = ALIGN (0x2)
 *(.fini9)
 .fini9         0x000065f2        0x0 c:/winavr-20100110/bin/../lib/gcc/avr/4.3.3/avr5\libgcc.a(_exit.o)
                0x000065f2                exit
                0x000065f2                _exit
 *(.fini9)
 *(.fini8)
 *(.fini8)
 *(.fini7)
 *(.fini7)
 *(.fini6)
 *(.fini6)
 *(.fini5)
 *(.fini5)
 *(.fini4)
 *(.fini4)
 *(.fini3)
 *(.fini3)
 *(.fini2)
 *(.fini2)
 *(.fini1)
 *(.fini1)
 *(.fini0)
 .fini0         0x000065f2        0x4 c:/winavr-20100110/bin/../lib/gcc/avr/4.3.3/avr5\libgcc.a(_exit.o)
 *(.fini0)
                0x000065f6                _etext = .

.data           0x00800060       0x3e load address 0x000065f6
                0x00800060                PROVIDE (__data_start, .)
 *(.data)
 .data          0x00800060        0x0 c:/winavr-20100110/bin/../lib/gcc/avr/4.3.3/../../../../avr/lib/avr5/crtm32.o
 .data          0x00800060       0x10 ./RTOS/Src/PollQ.o
 .data          0x00800070        0x0 ./RTOS/Src/croutine.o
 .data          0x00800070        0x0 ./RTOS/Src/event_groups.o
 .data          0x00800070        0x0 ./RTOS/Src/heap_1.o
 .data          0x00800070        0x8 ./RTOS/Src/integer.o
 .data          0x00800078        0x0 ./RTOS/Src/list.o
 .data          0x00800078        0x0 ./RTOS/Src/port.o
 .data          0x00800078        0x0 ./RTOS/Src/queue.o
 .data          0x00800078        0x5 ./RTOS/Src/tasks.o
 .data          0x0080007d        0x0 ./Drivers/src/ADC.o
 .data          0x0080007d        0x0 ./Drivers/src/Keypad.o
 .data          0x0080007d        0x6 ./Drivers/src/LCD.o
 .data          0x00800083        0x0 ./Drivers/src/board.o
 .data          0x00800083        0x0 ./Drivers/src/uart.o
 .data          0x00800083        0x8 ./main.o
 .data          0x0080008b        0x0 c:/winavr-20100110/bin/../lib/gcc/avr/4.3.3/avr5\libgcc.a(_mulsi3.o)
 .data          0x0080008b        0x0 c:/winavr-20100110/bin/../lib/gcc/avr/4.3.3/avr5\libgcc.a(_udivmodsi4.o)
 .data          0x0080008b        0x0 c:/winavr-20100110/bin/../lib/gcc/avr/4.3.3/avr5\libgcc.a(_divmodsi4.o)
 .data          0x0080008b        0x0 c:/winavr-20100110/bin/../lib/gcc/avr/4.3.3/avr5\libgcc.a(_exit.o)
 .data          0x0080008b        0x0 c:/winavr-20100110/bin/../lib/gcc/avr/4.3.3/avr5\libgcc.a(_copy_data.o)
 .data          0x0080008b        0x0 c:/winavr-20100110/bin/../lib/gcc/avr/4.3.3/avr5\libgcc.a(_clear_bss.o)
 .data          0x0080008b        0x0 c:/winavr-20100110/bin/../lib/gcc/avr/4.3.3/avr5\libgcc.a(_fixunssfsi.o)
 .data          0x0080008b        0x0 c:/winavr-20100110/bin/../lib/gcc/avr/4.3.3/avr5\libgcc.a(_addsub_sf.o)
 .data          0x0080008b        0x0 c:/winavr-20100110/bin/../lib/gcc/avr/4.3.3/avr5\libgcc.a(_mul_sf.o)
 .data          0x0080008b        0x0 c:/winavr-20100110/bin/../lib/gcc/avr/4.3.3/avr5\libgcc.a(_div_sf.o)
 .data          0x0080008b        0x0 c:/winavr-20100110/bin/../lib/gcc/avr/4.3.3/avr5\libgcc.a(_gt_sf.o)
 .data          0x0080008b        0x0 c:/winavr-20100110/bin/../lib/gcc/avr/4.3.3/avr5\libgcc.a(_ge_sf.o)
 .data          0x0080008b        0x0 c:/winavr-20100110/bin/../lib/gcc/avr/4.3.3/avr5\libgcc.a(_lt_sf.o)
 .data          0x0080008b        0x0 c:/winavr-20100110/bin/../lib/gcc/avr/4.3.3/avr5\libgcc.a(_sf_to_si.o)
 .data          0x0080008b        0x8 c:/winavr-20100110/bin/../lib/gcc/avr/4.3.3/avr5\libgcc.a(_thenan_sf.o)
                0x0080008b                __thenan_sf
 .data          0x00800093        0x0 c:/winavr-20100110/bin/../lib/gcc/avr/4.3.3/avr5\libgcc.a(_prologue.o)
 .data          0x00800093        0x0 c:/winavr-20100110/bin/../lib/gcc/avr/4.3.3/avr5\libgcc.a(_epilogue.o)
 .data          0x00800093        0x0 c:/winavr-20100110/bin/../lib/gcc/avr/4.3.3/avr5\libgcc.a(_pack_sf.o)
 .data          0x00800093        0x0 c:/winavr-20100110/bin/../lib/gcc/avr/4.3.3/avr5\libgcc.a(_unpack_sf.o)
 .data          0x00800093        0x0 c:/winavr-20100110/bin/../lib/gcc/avr/4.3.3/avr5\libgcc.a(_fpcmp_parts_sf.o)
 .data          0x00800093        0x0 c:/winavr-20100110/bin/../lib/gcc/avr/4.3.3/../../../../avr/lib/avr5\libc.a(memcpy.o)
 .data          0x00800093        0x0 c:/winavr-20100110/bin/../lib/gcc/avr/4.3.3/../../../../avr/lib/avr5\libc.a(sprintf.o)
 .data          0x00800093        0x0 c:/winavr-20100110/bin/../lib/gcc/avr/4.3.3/../../../../avr/lib/avr5\libc.a(vfprintf_std.o)
 .data          0x00800093        0x0 c:/winavr-20100110/bin/../lib/gcc/avr/4.3.3/../../../../avr/lib/avr5\libc.a(strnlen_P.o)
 .data          0x00800093        0x0 c:/winavr-20100110/bin/../lib/gcc/avr/4.3.3/../../../../avr/lib/avr5\libc.a(strnlen.o)
 .data          0x00800093        0x0 c:/winavr-20100110/bin/../lib/gcc/avr/4.3.3/../../../../avr/lib/avr5\libc.a(fputc.o)
 .data          0x00800093        0x0 c:/winavr-20100110/bin/../lib/gcc/avr/4.3.3/../../../../avr/lib/avr5\libc.a(ultoa_invert.o)
 *(.data*)
 .data.xNextTaskUnblockTime
                0x00800093        0x2 ./RTOS/Src/tasks.o
 *(.rodata)
 *(.rodata*)
 .rodata.keys   0x00800095        0x9 ./Drivers/src/Keypad.o
 *(.gnu.linkonce.d*)
                0x0080009e                . = ALIGN (0x2)
                0x0080009e                _edata = .
                0x0080009e                PROVIDE (__data_end, .)

.bss            0x0080009e      0x51c
                0x0080009e                PROVIDE (__bss_start, .)
 *(.bss)
 .bss           0x0080009e        0x0 c:/winavr-20100110/bin/../lib/gcc/avr/4.3.3/../../../../avr/lib/avr5/crtm32.o
 .bss           0x0080009e        0x0 ./RTOS/Src/PollQ.o
 .bss           0x0080009e        0x0 ./RTOS/Src/croutine.o
 .bss           0x0080009e        0x0 ./RTOS/Src/event_groups.o
 .bss           0x0080009e        0x0 ./RTOS/Src/heap_1.o
 .bss           0x0080009e        0x0 ./RTOS/Src/integer.o
 .bss           0x0080009e        0x0 ./RTOS/Src/list.o
 .bss           0x0080009e        0x0 ./RTOS/Src/port.o
 .bss           0x0080009e        0x0 ./RTOS/Src/queue.o
 .bss           0x0080009e        0x0 ./RTOS/Src/tasks.o
 .bss           0x0080009e        0x0 ./Drivers/src/ADC.o
 .bss           0x0080009e        0x0 ./Drivers/src/Keypad.o
 .bss           0x0080009e        0x0 ./Drivers/src/LCD.o
 .bss           0x0080009e        0x0 ./Drivers/src/board.o
 .bss           0x0080009e        0x0 ./Drivers/src/uart.o
 .bss           0x0080009e        0x0 ./main.o
 .bss           0x0080009e        0x0 c:/winavr-20100110/bin/../lib/gcc/avr/4.3.3/avr5\libgcc.a(_mulsi3.o)
 .bss           0x0080009e        0x0 c:/winavr-20100110/bin/../lib/gcc/avr/4.3.3/avr5\libgcc.a(_udivmodsi4.o)
 .bss           0x0080009e        0x0 c:/winavr-20100110/bin/../lib/gcc/avr/4.3.3/avr5\libgcc.a(_divmodsi4.o)
 .bss           0x0080009e        0x0 c:/winavr-20100110/bin/../lib/gcc/avr/4.3.3/avr5\libgcc.a(_exit.o)
 .bss           0x0080009e        0x0 c:/winavr-20100110/bin/../lib/gcc/avr/4.3.3/avr5\libgcc.a(_copy_data.o)
 .bss           0x0080009e        0x0 c:/winavr-20100110/bin/../lib/gcc/avr/4.3.3/avr5\libgcc.a(_clear_bss.o)
 .bss           0x0080009e        0x0 c:/winavr-20100110/bin/../lib/gcc/avr/4.3.3/avr5\libgcc.a(_fixunssfsi.o)
 .bss           0x0080009e        0x0 c:/winavr-20100110/bin/../lib/gcc/avr/4.3.3/avr5\libgcc.a(_addsub_sf.o)
 .bss           0x0080009e        0x0 c:/winavr-20100110/bin/../lib/gcc/avr/4.3.3/avr5\libgcc.a(_mul_sf.o)
 .bss           0x0080009e        0x0 c:/winavr-20100110/bin/../lib/gcc/avr/4.3.3/avr5\libgcc.a(_div_sf.o)
 .bss           0x0080009e        0x0 c:/winavr-20100110/bin/../lib/gcc/avr/4.3.3/avr5\libgcc.a(_gt_sf.o)
 .bss           0x0080009e        0x0 c:/winavr-20100110/bin/../lib/gcc/avr/4.3.3/avr5\libgcc.a(_ge_sf.o)
 .bss           0x0080009e        0x0 c:/winavr-20100110/bin/../lib/gcc/avr/4.3.3/avr5\libgcc.a(_lt_sf.o)
 .bss           0x0080009e        0x0 c:/winavr-20100110/bin/../lib/gcc/avr/4.3.3/avr5\libgcc.a(_sf_to_si.o)
 .bss           0x0080009e        0x0 c:/winavr-20100110/bin/../lib/gcc/avr/4.3.3/avr5\libgcc.a(_thenan_sf.o)
 .bss           0x0080009e        0x0 c:/winavr-20100110/bin/../lib/gcc/avr/4.3.3/avr5\libgcc.a(_prologue.o)
 .bss           0x0080009e        0x0 c:/winavr-20100110/bin/../lib/gcc/avr/4.3.3/avr5\libgcc.a(_epilogue.o)
 .bss           0x0080009e        0x0 c:/winavr-20100110/bin/../lib/gcc/avr/4.3.3/avr5\libgcc.a(_pack_sf.o)
 .bss           0x0080009e        0x0 c:/winavr-20100110/bin/../lib/gcc/avr/4.3.3/avr5\libgcc.a(_unpack_sf.o)
 .bss           0x0080009e        0x0 c:/winavr-20100110/bin/../lib/gcc/avr/4.3.3/avr5\libgcc.a(_fpcmp_parts_sf.o)
 .bss           0x0080009e        0x0 c:/winavr-20100110/bin/../lib/gcc/avr/4.3.3/../../../../avr/lib/avr5\libc.a(memcpy.o)
 .bss           0x0080009e        0x0 c:/winavr-20100110/bin/../lib/gcc/avr/4.3.3/../../../../avr/lib/avr5\libc.a(sprintf.o)
 .bss           0x0080009e        0x0 c:/winavr-20100110/bin/../lib/gcc/avr/4.3.3/../../../../avr/lib/avr5\libc.a(vfprintf_std.o)
 .bss           0x0080009e        0x0 c:/winavr-20100110/bin/../lib/gcc/avr/4.3.3/../../../../avr/lib/avr5\libc.a(strnlen_P.o)
 .bss           0x0080009e        0x0 c:/winavr-20100110/bin/../lib/gcc/avr/4.3.3/../../../../avr/lib/avr5\libc.a(strnlen.o)
 .bss           0x0080009e        0x0 c:/winavr-20100110/bin/../lib/gcc/avr/4.3.3/../../../../avr/lib/avr5\libc.a(fputc.o)
 .bss           0x0080009e        0x0 c:/winavr-20100110/bin/../lib/gcc/avr/4.3.3/../../../../avr/lib/avr5\libc.a(ultoa_invert.o)
 *(.bss*)
 .bss.xPollingConsumerCount
                0x0080009e        0x1 ./RTOS/Src/PollQ.o
 .bss.xPollingProducerCount
                0x0080009f        0x1 ./RTOS/Src/PollQ.o
 .bss.xPolledQueue.1653
                0x008000a0        0x2 ./RTOS/Src/PollQ.o
 .bss.pxCurrentCoRoutine
                0x008000a2        0x2 ./RTOS/Src/croutine.o
                0x008000a2                pxCurrentCoRoutine
 .bss.uxTopCoRoutineReadyPriority
                0x008000a4        0x1 ./RTOS/Src/croutine.o
 .bss.xCoRoutineTickCount
                0x008000a5        0x2 ./RTOS/Src/croutine.o
 .bss.xLastTickCount
                0x008000a7        0x2 ./RTOS/Src/croutine.o
 .bss.xPassedTicks
                0x008000a9        0x2 ./RTOS/Src/croutine.o
 .bss.pxReadyCoRoutineLists
                0x008000ab       0x12 ./RTOS/Src/croutine.o
 .bss.xDelayedCoRoutineList1
                0x008000bd        0x9 ./RTOS/Src/croutine.o
 .bss.xDelayedCoRoutineList2
                0x008000c6        0x9 ./RTOS/Src/croutine.o
 .bss.pxDelayedCoRoutineList
                0x008000cf        0x2 ./RTOS/Src/croutine.o
 .bss.pxOverflowDelayedCoRoutineList
                0x008000d1        0x2 ./RTOS/Src/croutine.o
 .bss.xPendingReadyCoRoutineList
                0x008000d3        0x9 ./RTOS/Src/croutine.o
 .bss.xNextFreeByte
                0x008000dc        0x2 ./RTOS/Src/heap_1.o
 .bss.pucAlignedHeap.1541
                0x008000de        0x2 ./RTOS/Src/heap_1.o
 .bss.ucHeap    0x008000e0      0x47e ./RTOS/Src/heap_1.o
 .bss.xTaskCheck
                0x0080055e        0x1 ./RTOS/Src/integer.o
 .bss.pxCurrentTCB
                0x0080055f        0x2 ./RTOS/Src/tasks.o
                0x0080055f                pxCurrentTCB
 .bss.uxTasksDeleted
                0x00800561        0x1 ./RTOS/Src/tasks.o
 .bss.uxCurrentNumberOfTasks
                0x00800562        0x1 ./RTOS/Src/tasks.o
 .bss.xTickCount
                0x00800563        0x2 ./RTOS/Src/tasks.o
 .bss.uxTopReadyPriority
                0x00800565        0x1 ./RTOS/Src/tasks.o
 .bss.xSchedulerRunning
                0x00800566        0x1 ./RTOS/Src/tasks.o
 .bss.uxPendedTicks
                0x00800567        0x1 ./RTOS/Src/tasks.o
 .bss.xYieldPending
                0x00800568        0x1 ./RTOS/Src/tasks.o
 .bss.xNumOfOverflows
                0x00800569        0x1 ./RTOS/Src/tasks.o
 .bss.uxTaskNumber
                0x0080056a        0x1 ./RTOS/Src/tasks.o
 .bss.uxSchedulerSuspended
                0x0080056b        0x1 ./RTOS/Src/tasks.o
 .bss.pxReadyTasksLists
                0x0080056c       0x24 ./RTOS/Src/tasks.o
 .bss.xDelayedTaskList1
                0x00800590        0x9 ./RTOS/Src/tasks.o
 .bss.xDelayedTaskList2
                0x00800599        0x9 ./RTOS/Src/tasks.o
 .bss.pxDelayedTaskList
                0x008005a2        0x2 ./RTOS/Src/tasks.o
 .bss.pxOverflowDelayedTaskList
                0x008005a4        0x2 ./RTOS/Src/tasks.o
 .bss.xPendingReadyList
                0x008005a6        0x9 ./RTOS/Src/tasks.o
 .bss.xTasksWaitingTermination
                0x008005af        0x9 ./RTOS/Src/tasks.o
 .bss.BsEventKeyPressed
                0x008005b8        0x2 ./main.o
                0x008005b8                BsEventKeyPressed
 *(COMMON)
                0x008005ba                PROVIDE (__bss_end, .)
                0x000065f6                __data_load_start = LOADADDR (.data)
                0x00006634                __data_load_end = (__data_load_start + SIZEOF (.data))

.noinit         0x008005ba        0x0
                0x008005ba                PROVIDE (__noinit_start, .)
 *(.noinit*)
                0x008005ba                PROVIDE (__noinit_end, .)
                0x008005ba                _end = .
                0x008005ba                PROVIDE (__heap_start, .)

.eeprom         0x00810000        0x0
 *(.eeprom*)
                0x00810000                __eeprom_end = .

.fuse
 *(.fuse)
 *(.lfuse)
 *(.hfuse)
 *(.efuse)

.lock
 *(.lock*)

.signature
 *(.signature*)

.stab           0x00000000     0x89c4
 *(.stab)
 .stab          0x00000000      0x8a0 ./RTOS/Src/PollQ.o
 .stab          0x000008a0      0x894 ./RTOS/Src/croutine.o
                                0xbc4 (size before relaxing)
 .stab          0x00001134      0xc54 ./RTOS/Src/event_groups.o
                               0x1014 (size before relaxing)
 .stab          0x00001d88      0x30c ./RTOS/Src/heap_1.o
                                0x6cc (size before relaxing)
 .stab          0x00002094      0x3a8 ./RTOS/Src/integer.o
                                0x768 (size before relaxing)
 .stab          0x0000243c      0x474 ./RTOS/Src/list.o
                                0x780 (size before relaxing)
 .stab          0x000028b0      0x840 ./RTOS/Src/port.o
                                0xbf4 (size before relaxing)
 .stab          0x000030f0     0x19b0 ./RTOS/Src/queue.o
                               0x1ddc (size before relaxing)
 .stab          0x00004aa0     0x1c68 ./RTOS/Src/tasks.o
                               0x2058 (size before relaxing)
 .stab          0x00006708      0x2dc ./Drivers/src/ADC.o
                                0x48c (size before relaxing)
 .stab          0x000069e4      0x390 ./Drivers/src/Keypad.o
                                0x5dc (size before relaxing)
 .stab          0x00006d74      0xe94 ./Drivers/src/LCD.o
                               0x10e0 (size before relaxing)
 .stab          0x00007c08      0x4ec ./Drivers/src/board.o
                                0x738 (size before relaxing)
 .stab          0x000080f4      0x378 ./Drivers/src/uart.o
                                0x5c4 (size before relaxing)
 .stab          0x0000846c      0x558 ./main.o
                                0x8ac (size before relaxing)

.stabstr        0x00000000     0x45bb
 *(.stabstr)
 .stabstr       0x00000000     0x45bb ./RTOS/Src/PollQ.o

.stab.excl
 *(.stab.excl)

.stab.exclstr
 *(.stab.exclstr)

.stab.index
 *(.stab.index)

.stab.indexstr
 *(.stab.indexstr)

.comment
 *(.comment)

.debug
 *(.debug)

.line
 *(.line)

.debug_srcinfo
 *(.debug_srcinfo)

.debug_sfnames
 *(.debug_sfnames)

.debug_aranges  0x00000000      0x160
 *(.debug_aranges)
 .debug_aranges
                0x00000000       0x20 c:/winavr-20100110/bin/../lib/gcc/avr/4.3.3/avr5\libgcc.a(_fixunssfsi.o)
 .debug_aranges
                0x00000020       0x20 c:/winavr-20100110/bin/../lib/gcc/avr/4.3.3/avr5\libgcc.a(_addsub_sf.o)
 .debug_aranges
                0x00000040       0x20 c:/winavr-20100110/bin/../lib/gcc/avr/4.3.3/avr5\libgcc.a(_mul_sf.o)
 .debug_aranges
                0x00000060       0x20 c:/winavr-20100110/bin/../lib/gcc/avr/4.3.3/avr5\libgcc.a(_div_sf.o)
 .debug_aranges
                0x00000080       0x20 c:/winavr-20100110/bin/../lib/gcc/avr/4.3.3/avr5\libgcc.a(_gt_sf.o)
 .debug_aranges
                0x000000a0       0x20 c:/winavr-20100110/bin/../lib/gcc/avr/4.3.3/avr5\libgcc.a(_ge_sf.o)
 .debug_aranges
                0x000000c0       0x20 c:/winavr-20100110/bin/../lib/gcc/avr/4.3.3/avr5\libgcc.a(_lt_sf.o)
 .debug_aranges
                0x000000e0       0x20 c:/winavr-20100110/bin/../lib/gcc/avr/4.3.3/avr5\libgcc.a(_sf_to_si.o)
 .debug_aranges
                0x00000100       0x20 c:/winavr-20100110/bin/../lib/gcc/avr/4.3.3/avr5\libgcc.a(_pack_sf.o)
 .debug_aranges
                0x00000120       0x20 c:/winavr-20100110/bin/../lib/gcc/avr/4.3.3/avr5\libgcc.a(_unpack_sf.o)
 .debug_aranges
                0x00000140       0x20 c:/winavr-20100110/bin/../lib/gcc/avr/4.3.3/avr5\libgcc.a(_fpcmp_parts_sf.o)

.debug_pubnames
                0x00000000      0x18f
 *(.debug_pubnames)
 .debug_pubnames
                0x00000000       0x23 c:/winavr-20100110/bin/../lib/gcc/avr/4.3.3/avr5\libgcc.a(_fixunssfsi.o)
 .debug_pubnames
                0x00000023       0x2c c:/winavr-20100110/bin/../lib/gcc/avr/4.3.3/avr5\libgcc.a(_addsub_sf.o)
 .debug_pubnames
                0x0000004f       0x1f c:/winavr-20100110/bin/../lib/gcc/avr/4.3.3/avr5\libgcc.a(_mul_sf.o)
 .debug_pubnames
                0x0000006e       0x1f c:/winavr-20100110/bin/../lib/gcc/avr/4.3.3/avr5\libgcc.a(_div_sf.o)
 .debug_pubnames
                0x0000008d       0x1e c:/winavr-20100110/bin/../lib/gcc/avr/4.3.3/avr5\libgcc.a(_gt_sf.o)
 .debug_pubnames
                0x000000ab       0x1e c:/winavr-20100110/bin/../lib/gcc/avr/4.3.3/avr5\libgcc.a(_ge_sf.o)
 .debug_pubnames
                0x000000c9       0x1e c:/winavr-20100110/bin/../lib/gcc/avr/4.3.3/avr5\libgcc.a(_lt_sf.o)
 .debug_pubnames
                0x000000e7       0x20 c:/winavr-20100110/bin/../lib/gcc/avr/4.3.3/avr5\libgcc.a(_sf_to_si.o)
 .debug_pubnames
                0x00000107       0x22 c:/winavr-20100110/bin/../lib/gcc/avr/4.3.3/avr5\libgcc.a(_thenan_sf.o)
 .debug_pubnames
                0x00000129       0x1f c:/winavr-20100110/bin/../lib/gcc/avr/4.3.3/avr5\libgcc.a(_pack_sf.o)
 .debug_pubnames
                0x00000148       0x21 c:/winavr-20100110/bin/../lib/gcc/avr/4.3.3/avr5\libgcc.a(_unpack_sf.o)
 .debug_pubnames
                0x00000169       0x26 c:/winavr-20100110/bin/../lib/gcc/avr/4.3.3/avr5\libgcc.a(_fpcmp_parts_sf.o)

.debug_info     0x00000000     0x2045
 *(.debug_info)
 .debug_info    0x00000000       0xb1 c:/winavr-20100110/bin/../lib/gcc/avr/4.3.3/avr5\libgcc.a(_fixunssfsi.o)
 .debug_info    0x000000b1      0x47a c:/winavr-20100110/bin/../lib/gcc/avr/4.3.3/avr5\libgcc.a(_addsub_sf.o)
 .debug_info    0x0000052b      0x485 c:/winavr-20100110/bin/../lib/gcc/avr/4.3.3/avr5\libgcc.a(_mul_sf.o)
 .debug_info    0x000009b0      0x3fc c:/winavr-20100110/bin/../lib/gcc/avr/4.3.3/avr5\libgcc.a(_div_sf.o)
 .debug_info    0x00000dac      0x27f c:/winavr-20100110/bin/../lib/gcc/avr/4.3.3/avr5\libgcc.a(_gt_sf.o)
 .debug_info    0x0000102b      0x27f c:/winavr-20100110/bin/../lib/gcc/avr/4.3.3/avr5\libgcc.a(_ge_sf.o)
 .debug_info    0x000012aa      0x27f c:/winavr-20100110/bin/../lib/gcc/avr/4.3.3/avr5\libgcc.a(_lt_sf.o)
 .debug_info    0x00001529      0x2b0 c:/winavr-20100110/bin/../lib/gcc/avr/4.3.3/avr5\libgcc.a(_sf_to_si.o)
 .debug_info    0x000017d9      0x12c c:/winavr-20100110/bin/../lib/gcc/avr/4.3.3/avr5\libgcc.a(_thenan_sf.o)
 .debug_info    0x00001905      0x2df c:/winavr-20100110/bin/../lib/gcc/avr/4.3.3/avr5\libgcc.a(_pack_sf.o)
 .debug_info    0x00001be4      0x251 c:/winavr-20100110/bin/../lib/gcc/avr/4.3.3/avr5\libgcc.a(_unpack_sf.o)
 .debug_info    0x00001e35      0x210 c:/winavr-20100110/bin/../lib/gcc/avr/4.3.3/avr5\libgcc.a(_fpcmp_parts_sf.o)
 *(.gnu.linkonce.wi.*)

.debug_abbrev   0x00000000     0x1101
 *(.debug_abbrev)
 .debug_abbrev  0x00000000       0x5d c:/winavr-20100110/bin/../lib/gcc/avr/4.3.3/avr5\libgcc.a(_fixunssfsi.o)
 .debug_abbrev  0x0000005d      0x1ea c:/winavr-20100110/bin/../lib/gcc/avr/4.3.3/avr5\libgcc.a(_addsub_sf.o)
 .debug_abbrev  0x00000247      0x21b c:/winavr-20100110/bin/../lib/gcc/avr/4.3.3/avr5\libgcc.a(_mul_sf.o)
 .debug_abbrev  0x00000462      0x216 c:/winavr-20100110/bin/../lib/gcc/avr/4.3.3/avr5\libgcc.a(_div_sf.o)
 .debug_abbrev  0x00000678      0x15a c:/winavr-20100110/bin/../lib/gcc/avr/4.3.3/avr5\libgcc.a(_gt_sf.o)
 .debug_abbrev  0x000007d2      0x15a c:/winavr-20100110/bin/../lib/gcc/avr/4.3.3/avr5\libgcc.a(_ge_sf.o)
 .debug_abbrev  0x0000092c      0x15a c:/winavr-20100110/bin/../lib/gcc/avr/4.3.3/avr5\libgcc.a(_lt_sf.o)
 .debug_abbrev  0x00000a86      0x17f c:/winavr-20100110/bin/../lib/gcc/avr/4.3.3/avr5\libgcc.a(_sf_to_si.o)
 .debug_abbrev  0x00000c05       0xad c:/winavr-20100110/bin/../lib/gcc/avr/4.3.3/avr5\libgcc.a(_thenan_sf.o)
 .debug_abbrev  0x00000cb2      0x1c0 c:/winavr-20100110/bin/../lib/gcc/avr/4.3.3/avr5\libgcc.a(_pack_sf.o)
 .debug_abbrev  0x00000e72      0x154 c:/winavr-20100110/bin/../lib/gcc/avr/4.3.3/avr5\libgcc.a(_unpack_sf.o)
 .debug_abbrev  0x00000fc6      0x13b c:/winavr-20100110/bin/../lib/gcc/avr/4.3.3/avr5\libgcc.a(_fpcmp_parts_sf.o)

.debug_line     0x00000000      0xf82
 *(.debug_line)
 .debug_line    0x00000000       0xa7 c:/winavr-20100110/bin/../lib/gcc/avr/4.3.3/avr5\libgcc.a(_fixunssfsi.o)
 .debug_line    0x000000a7      0x2af c:/winavr-20100110/bin/../lib/gcc/avr/4.3.3/avr5\libgcc.a(_addsub_sf.o)
 .debug_line    0x00000356      0x239 c:/winavr-20100110/bin/../lib/gcc/avr/4.3.3/avr5\libgcc.a(_mul_sf.o)
 .debug_line    0x0000058f      0x1d5 c:/winavr-20100110/bin/../lib/gcc/avr/4.3.3/avr5\libgcc.a(_div_sf.o)
 .debug_line    0x00000764       0xd3 c:/winavr-20100110/bin/../lib/gcc/avr/4.3.3/avr5\libgcc.a(_gt_sf.o)
 .debug_line    0x00000837       0xd3 c:/winavr-20100110/bin/../lib/gcc/avr/4.3.3/avr5\libgcc.a(_ge_sf.o)
 .debug_line    0x0000090a       0xd3 c:/winavr-20100110/bin/../lib/gcc/avr/4.3.3/avr5\libgcc.a(_lt_sf.o)
 .debug_line    0x000009dd      0x109 c:/winavr-20100110/bin/../lib/gcc/avr/4.3.3/avr5\libgcc.a(_sf_to_si.o)
 .debug_line    0x00000ae6       0x90 c:/winavr-20100110/bin/../lib/gcc/avr/4.3.3/avr5\libgcc.a(_thenan_sf.o)
 .debug_line    0x00000b76      0x18a c:/winavr-20100110/bin/../lib/gcc/avr/4.3.3/avr5\libgcc.a(_pack_sf.o)
 .debug_line    0x00000d00      0x14b c:/winavr-20100110/bin/../lib/gcc/avr/4.3.3/avr5\libgcc.a(_unpack_sf.o)
 .debug_line    0x00000e4b      0x137 c:/winavr-20100110/bin/../lib/gcc/avr/4.3.3/avr5\libgcc.a(_fpcmp_parts_sf.o)

.debug_frame    0x00000000      0x180
 *(.debug_frame)
 .debug_frame   0x00000000       0x20 c:/winavr-20100110/bin/../lib/gcc/avr/4.3.3/avr5\libgcc.a(_fixunssfsi.o)
 .debug_frame   0x00000020       0x40 c:/winavr-20100110/bin/../lib/gcc/avr/4.3.3/avr5\libgcc.a(_addsub_sf.o)
 .debug_frame   0x00000060       0x20 c:/winavr-20100110/bin/../lib/gcc/avr/4.3.3/avr5\libgcc.a(_mul_sf.o)
 .debug_frame   0x00000080       0x20 c:/winavr-20100110/bin/../lib/gcc/avr/4.3.3/avr5\libgcc.a(_div_sf.o)
 .debug_frame   0x000000a0       0x20 c:/winavr-20100110/bin/../lib/gcc/avr/4.3.3/avr5\libgcc.a(_gt_sf.o)
 .debug_frame   0x000000c0       0x20 c:/winavr-20100110/bin/../lib/gcc/avr/4.3.3/avr5\libgcc.a(_ge_sf.o)
 .debug_frame   0x000000e0       0x20 c:/winavr-20100110/bin/../lib/gcc/avr/4.3.3/avr5\libgcc.a(_lt_sf.o)
 .debug_frame   0x00000100       0x20 c:/winavr-20100110/bin/../lib/gcc/avr/4.3.3/avr5\libgcc.a(_sf_to_si.o)
 .debug_frame   0x00000120       0x20 c:/winavr-20100110/bin/../lib/gcc/avr/4.3.3/avr5\libgcc.a(_pack_sf.o)
 .debug_frame   0x00000140       0x20 c:/winavr-20100110/bin/../lib/gcc/avr/4.3.3/avr5\libgcc.a(_unpack_sf.o)
 .debug_frame   0x00000160       0x20 c:/winavr-20100110/bin/../lib/gcc/avr/4.3.3/avr5\libgcc.a(_fpcmp_parts_sf.o)

.debug_str      0x00000000      0x2c2
 *(.debug_str)
 .debug_str     0x00000000       0xbf c:/winavr-20100110/bin/../lib/gcc/avr/4.3.3/avr5\libgcc.a(_fixunssfsi.o)
                                 0xfe (size before relaxing)
 .debug_str     0x000000bf      0x14d c:/winavr-20100110/bin/../lib/gcc/avr/4.3.3/avr5\libgcc.a(_addsub_sf.o)
                                0x206 (size before relaxing)
 .debug_str     0x0000020c       0x27 c:/winavr-20100110/bin/../lib/gcc/avr/4.3.3/avr5\libgcc.a(_mul_sf.o)
                                0x1bf (size before relaxing)
 .debug_str     0x00000233       0x35 c:/winavr-20100110/bin/../lib/gcc/avr/4.3.3/avr5\libgcc.a(_div_sf.o)
                                0x1c8 (size before relaxing)
 .debug_str     0x00000268        0xf c:/winavr-20100110/bin/../lib/gcc/avr/4.3.3/avr5\libgcc.a(_gt_sf.o)
                                0x195 (size before relaxing)
 .debug_str     0x00000277        0x8 c:/winavr-20100110/bin/../lib/gcc/avr/4.3.3/avr5\libgcc.a(_ge_sf.o)
                                0x195 (size before relaxing)
 .debug_str     0x0000027f        0x8 c:/winavr-20100110/bin/../lib/gcc/avr/4.3.3/avr5\libgcc.a(_lt_sf.o)
                                0x195 (size before relaxing)
 .debug_str     0x00000287        0xa c:/winavr-20100110/bin/../lib/gcc/avr/4.3.3/avr5\libgcc.a(_sf_to_si.o)
                                0x19e (size before relaxing)
 .debug_str     0x00000000      0x103 c:/winavr-20100110/bin/../lib/gcc/avr/4.3.3/avr5\libgcc.a(_thenan_sf.o)
 .debug_str     0x00000291       0x16 c:/winavr-20100110/bin/../lib/gcc/avr/4.3.3/avr5\libgcc.a(_pack_sf.o)
                                0x19d (size before relaxing)
 .debug_str     0x000002a7        0xb c:/winavr-20100110/bin/../lib/gcc/avr/4.3.3/avr5\libgcc.a(_unpack_sf.o)
                                0x17f (size before relaxing)
 .debug_str     0x000002b2       0x10 c:/winavr-20100110/bin/../lib/gcc/avr/4.3.3/avr5\libgcc.a(_fpcmp_parts_sf.o)
                                0x163 (size before relaxing)

.debug_loc      0x00000000      0x88e
 *(.debug_loc)
 .debug_loc     0x00000000       0x34 c:/winavr-20100110/bin/../lib/gcc/avr/4.3.3/avr5\libgcc.a(_fixunssfsi.o)
 .debug_loc     0x00000034      0x32a c:/winavr-20100110/bin/../lib/gcc/avr/4.3.3/avr5\libgcc.a(_addsub_sf.o)
 .debug_loc     0x0000035e      0x104 c:/winavr-20100110/bin/../lib/gcc/avr/4.3.3/avr5\libgcc.a(_mul_sf.o)
 .debug_loc     0x00000462       0xc0 c:/winavr-20100110/bin/../lib/gcc/avr/4.3.3/avr5\libgcc.a(_div_sf.o)
 .debug_loc     0x00000522       0x3c c:/winavr-20100110/bin/../lib/gcc/avr/4.3.3/avr5\libgcc.a(_gt_sf.o)
 .debug_loc     0x0000055e       0x3c c:/winavr-20100110/bin/../lib/gcc/avr/4.3.3/avr5\libgcc.a(_ge_sf.o)
 .debug_loc     0x0000059a       0x3c c:/winavr-20100110/bin/../lib/gcc/avr/4.3.3/avr5\libgcc.a(_lt_sf.o)
 .debug_loc     0x000005d6       0x7e c:/winavr-20100110/bin/../lib/gcc/avr/4.3.3/avr5\libgcc.a(_sf_to_si.o)
 .debug_loc     0x00000654      0x13e c:/winavr-20100110/bin/../lib/gcc/avr/4.3.3/avr5\libgcc.a(_pack_sf.o)
 .debug_loc     0x00000792       0xac c:/winavr-20100110/bin/../lib/gcc/avr/4.3.3/avr5\libgcc.a(_unpack_sf.o)
 .debug_loc     0x0000083e       0x50 c:/winavr-20100110/bin/../lib/gcc/avr/4.3.3/avr5\libgcc.a(_fpcmp_parts_sf.o)

.debug_macinfo
 *(.debug_macinfo)
OUTPUT(RTOSapp.elf elf32-avr)
LOAD linker stubs

.debug_ranges   0x00000000       0x50
 .debug_ranges  0x00000000       0x50 c:/winavr-20100110/bin/../lib/gcc/avr/4.3.3/avr5\libgcc.a(_mul_sf.o)
