Archive member included because of file (symbol)

c:/winavr-20100110/bin/../lib/gcc/avr/4.3.3/avr5\libgcc.a(_exit.o)
                              c:/winavr-20100110/bin/../lib/gcc/avr/4.3.3/../../../../avr/lib/avr5/crtm16.o (exit)
c:/winavr-20100110/bin/../lib/gcc/avr/4.3.3/avr5\libgcc.a(_clear_bss.o)
                              ./EXIT_program.o (__do_clear_bss)

Memory Configuration

Name             Origin             Length             Attributes
text             0x00000000         0x00020000         xr
data             0x00800060         0x0000ffa0         rw !x
eeprom           0x00810000         0x00010000         rw !x
fuse             0x00820000         0x00000400         rw !x
lock             0x00830000         0x00000400         rw !x
signature        0x00840000         0x00000400         rw !x
*default*        0x00000000         0xffffffff

Linker script and memory map

LOAD c:/winavr-20100110/bin/../lib/gcc/avr/4.3.3/../../../../avr/lib/avr5/crtm16.o
LOAD ./DIO_program.o
LOAD ./EXIT_program.o
LOAD ./GIE_PROG.o
LOAD ./LED_prog.o
LOAD ./main.o
LOAD c:/winavr-20100110/bin/../lib/gcc/avr/4.3.3/avr5\libgcc.a
LOAD c:/winavr-20100110/bin/../lib/gcc/avr/4.3.3/../../../../avr/lib/avr5\libc.a
LOAD c:/winavr-20100110/bin/../lib/gcc/avr/4.3.3/avr5\libgcc.a

.hash
 *(.hash)

.dynsym
 *(.dynsym)

.dynstr
 *(.dynstr)

.gnu.version
 *(.gnu.version)

.gnu.version_d
 *(.gnu.version_d)

.gnu.version_r
 *(.gnu.version_r)

.rel.init
 *(.rel.init)

.rela.init
 *(.rela.init)

.rel.text
 *(.rel.text)
 *(.rel.text.*)
 *(.rel.gnu.linkonce.t*)

.rela.text
 *(.rela.text)
 *(.rela.text.*)
 *(.rela.gnu.linkonce.t*)

.rel.fini
 *(.rel.fini)

.rela.fini
 *(.rela.fini)

.rel.rodata
 *(.rel.rodata)
 *(.rel.rodata.*)
 *(.rel.gnu.linkonce.r*)

.rela.rodata
 *(.rela.rodata)
 *(.rela.rodata.*)
 *(.rela.gnu.linkonce.r*)

.rel.data
 *(.rel.data)
 *(.rel.data.*)
 *(.rel.gnu.linkonce.d*)

.rela.data
 *(.rela.data)
 *(.rela.data.*)
 *(.rela.gnu.linkonce.d*)

.rel.ctors
 *(.rel.ctors)

.rela.ctors
 *(.rela.ctors)

.rel.dtors
 *(.rel.dtors)

.rela.dtors
 *(.rela.dtors)

.rel.got
 *(.rel.got)

.rela.got
 *(.rela.got)

.rel.bss
 *(.rel.bss)

.rela.bss
 *(.rela.bss)

.rel.plt
 *(.rel.plt)

.rela.plt
 *(.rela.plt)

.text           0x00000000      0xfc8
 *(.vectors)
 .vectors       0x00000000       0x54 c:/winavr-20100110/bin/../lib/gcc/avr/4.3.3/../../../../avr/lib/avr5/crtm16.o
                0x00000000                __vectors
                0x00000000                __vector_default
 *(.vectors)
 *(.progmem.gcc*)
 *(.progmem*)
                0x00000054                . = ALIGN (0x2)
                0x00000054                __trampolines_start = .
 *(.trampolines)
 .trampolines   0x00000054        0x0 linker stubs
 *(.trampolines*)
                0x00000054                __trampolines_end = .
 *(.jumptables)
 *(.jumptables*)
 *(.lowtext)
 *(.lowtext*)
                0x00000054                __ctors_start = .
 *(.ctors)
                0x00000054                __ctors_end = .
                0x00000054                __dtors_start = .
 *(.dtors)
                0x00000054                __dtors_end = .
 SORT(*)(.ctors)
 SORT(*)(.dtors)
 *(.init0)
 .init0         0x00000054        0x0 c:/winavr-20100110/bin/../lib/gcc/avr/4.3.3/../../../../avr/lib/avr5/crtm16.o
                0x00000054                __init
 *(.init0)
 *(.init1)
 *(.init1)
 *(.init2)
 .init2         0x00000054        0xc c:/winavr-20100110/bin/../lib/gcc/avr/4.3.3/../../../../avr/lib/avr5/crtm16.o
 *(.init2)
 *(.init3)
 *(.init3)
 *(.init4)
 .init4         0x00000060       0x10 c:/winavr-20100110/bin/../lib/gcc/avr/4.3.3/avr5\libgcc.a(_clear_bss.o)
                0x00000060                __do_clear_bss
 *(.init4)
 *(.init5)
 *(.init5)
 *(.init6)
 *(.init6)
 *(.init7)
 *(.init7)
 *(.init8)
 *(.init8)
 *(.init9)
 .init9         0x00000070        0x8 c:/winavr-20100110/bin/../lib/gcc/avr/4.3.3/../../../../avr/lib/avr5/crtm16.o
 *(.init9)
 *(.text)
 .text          0x00000078        0x4 c:/winavr-20100110/bin/../lib/gcc/avr/4.3.3/../../../../avr/lib/avr5/crtm16.o
                0x00000078                __vector_12
                0x00000078                __bad_interrupt
                0x00000078                __vector_6
                0x00000078                __vector_3
                0x00000078                __vector_11
                0x00000078                __vector_13
                0x00000078                __vector_17
                0x00000078                __vector_19
                0x00000078                __vector_7
                0x00000078                __vector_5
                0x00000078                __vector_4
                0x00000078                __vector_9
                0x00000078                __vector_15
                0x00000078                __vector_8
                0x00000078                __vector_14
                0x00000078                __vector_10
                0x00000078                __vector_16
                0x00000078                __vector_18
                0x00000078                __vector_20
 .text          0x0000007c        0x0 ./DIO_program.o
 .text          0x0000007c        0x0 ./EXIT_program.o
 .text          0x0000007c        0x0 ./GIE_PROG.o
 .text          0x0000007c        0x0 ./LED_prog.o
 .text          0x0000007c        0x0 ./main.o
 .text          0x0000007c        0x0 c:/winavr-20100110/bin/../lib/gcc/avr/4.3.3/avr5\libgcc.a(_exit.o)
 .text          0x0000007c        0x0 c:/winavr-20100110/bin/../lib/gcc/avr/4.3.3/avr5\libgcc.a(_clear_bss.o)
                0x0000007c                . = ALIGN (0x2)
 *(.text.*)
 .text.DIO_voidInit
                0x0000007c       0x48 ./DIO_program.o
                0x0000007c                DIO_voidInit
 .text.DIO_u8SetPinDirection
                0x000000c4      0x254 ./DIO_program.o
                0x000000c4                DIO_u8SetPinDirection
 .text.DIO_u8SetPinValue
                0x00000318      0x254 ./DIO_program.o
                0x00000318                DIO_u8SetPinValue
 .text.DIO_u8TogglePin
                0x0000056c      0x118 ./DIO_program.o
                0x0000056c                DIO_u8TogglePin
 .text.DIO_u8GetPinValue
                0x00000684      0x17c ./DIO_program.o
                0x00000684                DIO_u8GetPinValue
 .text.DIO_u8SetPortDirection
                0x00000800      0x142 ./DIO_program.o
                0x00000800                DIO_u8SetPortDirection
 .text.DIO_u8SetPortValue
                0x00000942       0x90 ./DIO_program.o
                0x00000942                DIO_u8SetPortValue
 .text.Dio_u8GetPortValue
                0x000009d2       0xb4 ./DIO_program.o
                0x000009d2                Dio_u8GetPortValue
 .text.EXTI_u8SetCallBack
                0x00000a86       0x50 ./EXIT_program.o
                0x00000a86                EXTI_u8SetCallBack
 .text.__vector_1
                0x00000ad6       0x66 ./EXIT_program.o
                0x00000ad6                __vector_1
 .text.__vector_2
                0x00000b3c       0x66 ./EXIT_program.o
                0x00000b3c                __vector_2
 .text.EXIT_u8EXITEnable
                0x00000ba2      0x1ea ./EXIT_program.o
                0x00000ba2                EXIT_u8EXITEnable
 .text.EXIT_u8EXITDisable
                0x00000d8c       0x62 ./EXIT_program.o
                0x00000d8c                EXIT_u8EXITDisable
 .text.GIE_voidEnable
                0x00000dee       0x1c ./GIE_PROG.o
                0x00000dee                GIE_voidEnable
 .text.GIE_voidDisable
                0x00000e0a       0x1c ./GIE_PROG.o
                0x00000e0a                GIE_voidDisable
 .text.led_voidInit
                0x00000e26       0x5e ./LED_prog.o
                0x00000e26                led_voidInit
 .text.LED_voidRedLedOn
                0x00000e84       0x18 ./LED_prog.o
                0x00000e84                LED_voidRedLedOn
 .text.LED_voidYellowLedOn
                0x00000e9c       0x18 ./LED_prog.o
                0x00000e9c                LED_voidYellowLedOn
 .text.LED_voidBlueLedOn
                0x00000eb4       0x18 ./LED_prog.o
                0x00000eb4                LED_voidBlueLedOn
 .text.LED_voidGreenLedOn
                0x00000ecc       0x18 ./LED_prog.o
                0x00000ecc                LED_voidGreenLedOn
 .text.LED_voidRedLedOff
                0x00000ee4       0x18 ./LED_prog.o
                0x00000ee4                LED_voidRedLedOff
 .text.LED_voidYellowLedOff
                0x00000efc       0x18 ./LED_prog.o
                0x00000efc                LED_voidYellowLedOff
 .text.LED_voidBlueLedOff
                0x00000f14       0x18 ./LED_prog.o
                0x00000f14                LED_voidBlueLedOff
 .text.LED_voidGreenLedOff
                0x00000f2c       0x18 ./LED_prog.o
                0x00000f2c                LED_voidGreenLedOff
 .text.LED_voidRedLedTog
                0x00000f44       0x16 ./LED_prog.o
                0x00000f44                LED_voidRedLedTog
 .text.LED_voidYellowLedTog
                0x00000f5a       0x16 ./LED_prog.o
                0x00000f5a                LED_voidYellowLedTog
 .text.LED_voidBlueLedTog
                0x00000f70       0x16 ./LED_prog.o
                0x00000f70                LED_voidBlueLedTog
 .text.LED_voidGreenLedTog
                0x00000f86       0x16 ./LED_prog.o
                0x00000f86                LED_voidGreenLedTog
 .text.main     0x00000f9c       0x28 ./main.o
                0x00000f9c                main
 .text.libgcc   0x00000fc4        0x0 c:/winavr-20100110/bin/../lib/gcc/avr/4.3.3/avr5\libgcc.a(_exit.o)
 .text.libgcc   0x00000fc4        0x0 c:/winavr-20100110/bin/../lib/gcc/avr/4.3.3/avr5\libgcc.a(_clear_bss.o)
                0x00000fc4                . = ALIGN (0x2)
 *(.fini9)
 .fini9         0x00000fc4        0x0 c:/winavr-20100110/bin/../lib/gcc/avr/4.3.3/avr5\libgcc.a(_exit.o)
                0x00000fc4                exit
                0x00000fc4                _exit
 *(.fini9)
 *(.fini8)
 *(.fini8)
 *(.fini7)
 *(.fini7)
 *(.fini6)
 *(.fini6)
 *(.fini5)
 *(.fini5)
 *(.fini4)
 *(.fini4)
 *(.fini3)
 *(.fini3)
 *(.fini2)
 *(.fini2)
 *(.fini1)
 *(.fini1)
 *(.fini0)
 .fini0         0x00000fc4        0x4 c:/winavr-20100110/bin/../lib/gcc/avr/4.3.3/avr5\libgcc.a(_exit.o)
 *(.fini0)
                0x00000fc8                _etext = .

.data           0x00800060        0x0 load address 0x00000fc8
                0x00800060                PROVIDE (__data_start, .)
 *(.data)
 .data          0x00800060        0x0 c:/winavr-20100110/bin/../lib/gcc/avr/4.3.3/../../../../avr/lib/avr5/crtm16.o
 .data          0x00800060        0x0 ./DIO_program.o
 .data          0x00800060        0x0 ./EXIT_program.o
 .data          0x00800060        0x0 ./GIE_PROG.o
 .data          0x00800060        0x0 ./LED_prog.o
 .data          0x00800060        0x0 ./main.o
 .data          0x00800060        0x0 c:/winavr-20100110/bin/../lib/gcc/avr/4.3.3/avr5\libgcc.a(_exit.o)
 .data          0x00800060        0x0 c:/winavr-20100110/bin/../lib/gcc/avr/4.3.3/avr5\libgcc.a(_clear_bss.o)
 *(.data*)
 *(.rodata)
 *(.rodata*)
 *(.gnu.linkonce.d*)
                0x00800060                . = ALIGN (0x2)
                0x00800060                _edata = .
                0x00800060                PROVIDE (__data_end, .)

.bss            0x00800060        0x4
                0x00800060                PROVIDE (__bss_start, .)
 *(.bss)
 .bss           0x00800060        0x0 c:/winavr-20100110/bin/../lib/gcc/avr/4.3.3/../../../../avr/lib/avr5/crtm16.o
 .bss           0x00800060        0x0 ./DIO_program.o
 .bss           0x00800060        0x0 ./EXIT_program.o
 .bss           0x00800060        0x0 ./GIE_PROG.o
 .bss           0x00800060        0x0 ./LED_prog.o
 .bss           0x00800060        0x0 ./main.o
 .bss           0x00800060        0x0 c:/winavr-20100110/bin/../lib/gcc/avr/4.3.3/avr5\libgcc.a(_exit.o)
 .bss           0x00800060        0x0 c:/winavr-20100110/bin/../lib/gcc/avr/4.3.3/avr5\libgcc.a(_clear_bss.o)
 *(.bss*)
 .bss.ECTI_APCallBack
                0x00800060        0x4 ./EXIT_program.o
 *(COMMON)
                0x00800064                PROVIDE (__bss_end, .)
                0x00000fc8                __data_load_start = LOADADDR (.data)
                0x00000fc8                __data_load_end = (__data_load_start + SIZEOF (.data))

.noinit         0x00800064        0x0
                0x00800064                PROVIDE (__noinit_start, .)
 *(.noinit*)
                0x00800064                PROVIDE (__noinit_end, .)
                0x00800064                _end = .
                0x00800064                PROVIDE (__heap_start, .)

.eeprom         0x00810000        0x0
 *(.eeprom*)
                0x00810000                __eeprom_end = .

.fuse
 *(.fuse)
 *(.lfuse)
 *(.hfuse)
 *(.efuse)

.lock
 *(.lock*)

.signature
 *(.signature*)

.stab           0x00000000     0x150c
 *(.stab)
 .stab          0x00000000      0x96c ./DIO_program.o
 .stab          0x0000096c      0x3cc ./EXIT_program.o
                                0x468 (size before relaxing)
 .stab          0x00000d38      0x144 ./GIE_PROG.o
                                0x1e0 (size before relaxing)
 .stab          0x00000e7c      0x3a8 ./LED_prog.o
                                0x444 (size before relaxing)
 .stab          0x00001224      0x2e8 ./main.o
                                0x384 (size before relaxing)

.stabstr        0x00000000      0xb4d
 *(.stabstr)
 .stabstr       0x00000000      0xb4d ./DIO_program.o

.stab.excl
 *(.stab.excl)

.stab.exclstr
 *(.stab.exclstr)

.stab.index
 *(.stab.index)

.stab.indexstr
 *(.stab.indexstr)

.comment
 *(.comment)

.debug
 *(.debug)

.line
 *(.line)

.debug_srcinfo
 *(.debug_srcinfo)

.debug_sfnames
 *(.debug_sfnames)

.debug_aranges
 *(.debug_aranges)

.debug_pubnames
 *(.debug_pubnames)

.debug_info
 *(.debug_info)
 *(.gnu.linkonce.wi.*)

.debug_abbrev
 *(.debug_abbrev)

.debug_line
 *(.debug_line)

.debug_frame
 *(.debug_frame)

.debug_str
 *(.debug_str)

.debug_loc
 *(.debug_loc)

.debug_macinfo
 *(.debug_macinfo)
OUTPUT(EXTI_atmega32_test.elf elf32-avr)
LOAD linker stubs
